

================================================================
== Synthesis Summary Report of 'muladd'
================================================================
+ General Information: 
    * Date:           Wed Aug  9 18:00:22 2023
    * Version:        2023.1.1 (Build 3869133 on Jun 15 2023)
    * Project:        muladd
    * Solution:       solution3 (Vivado IP Flow Target)
    * Product family: zynq
    * Target device:  xc7z010i-clg225-1L
    

+ Performance & Resource Estimates: 
    
    PS: '+' for module; 'o' for loop; '*' for dataflow
    +----------+------+------+---------+---------+----------+---------+------+----------+------+--------+----------+----------+-----+
    |  Modules | Issue|      | Latency | Latency | Iteration|         | Trip |          |      |        |          |          |     |
    |  & Loops | Type | Slack| (cycles)|   (ns)  |  Latency | Interval| Count| Pipelined| BRAM |   DSP  |    FF    |    LUT   | URAM|
    +----------+------+------+---------+---------+----------+---------+------+----------+------+--------+----------+----------+-----+
    |+ muladd  |     -|  0.38|       13|  130.000|         -|       14|     -|        no|     -|  6 (7%)|  920 (2%)|  747 (4%)|    -|
    +----------+------+------+---------+---------+----------+---------+------+----------+------+--------+----------+----------+-----+


================================================================
== HW Interfaces
================================================================
* AP_MEMORY
+------------+-----------+----------+
| Port       | Direction | Bitwidth |
+------------+-----------+----------+
| a_address0 | out       | 4        |
| a_address1 | out       | 4        |
| a_q0       | in        | 32       |
| a_q1       | in        | 32       |
| b_address0 | out       | 4        |
| b_address1 | out       | 4        |
| b_q0       | in        | 32       |
| b_q1       | in        | 32       |
+------------+-----------+----------+

* Other Ports
+-----------+-----------+----------+
| Port      | Direction | Bitwidth |
+-----------+-----------+----------+
| ap_return | out       | 32       |
+-----------+-----------+----------+

* TOP LEVEL CONTROL
+-----------+------------+-----------------------------------+
| Interface | Type       | Ports                             |
+-----------+------------+-----------------------------------+
| ap_clk    | clock      | ap_clk                            |
| ap_rst    | reset      | ap_rst                            |
| ap_ctrl   | ap_ctrl_hs | ap_done ap_idle ap_ready ap_start |
+-----------+------------+-----------------------------------+


================================================================
== SW I/O Information
================================================================
* Top Function Arguments
+----------+-----------+----------+
| Argument | Direction | Datatype |
+----------+-----------+----------+
| a        | in        | int*     |
| b        | in        | int*     |
| return   | out       | int      |
+----------+-----------+----------+

* SW-to-HW Mapping
+----------+--------------+---------+----------+
| Argument | HW Interface | HW Type | HW Usage |
+----------+--------------+---------+----------+
| a        | a_address0   | port    | offset   |
| a        | a_ce0        | port    |          |
| a        | a_q0         | port    |          |
| a        | a_address1   | port    | offset   |
| a        | a_ce1        | port    |          |
| a        | a_q1         | port    |          |
| b        | b_address0   | port    | offset   |
| b        | b_ce0        | port    |          |
| b        | b_q0         | port    |          |
| b        | b_address1   | port    | offset   |
| b        | b_ce1        | port    |          |
| b        | b_q1         | port    |          |
| return   | ap_return    | port    |          |
+----------+--------------+---------+----------+


================================================================
== Bind Op Report
================================================================
+-------------------------+-----+--------+------------+-----+--------+---------+
| Name                    | DSP | Pragma | Variable   | Op  | Impl   | Latency |
+-------------------------+-----+--------+------------+-----+--------+---------+
| + muladd                | 6   |        |            |     |        |         |
|   mul_32s_32s_32_2_1_U1 | 3   |        | sum        | mul | auto   | 1       |
|   mul_32s_32s_32_2_1_U2 | 3   |        | mul_ln6    | mul | auto   | 1       |
|   mul_32s_32s_32_2_1_U1 | 3   |        | mul_ln6_1  | mul | auto   | 1       |
|   mul_32s_32s_32_2_1_U2 | 3   |        | mul_ln6_2  | mul | auto   | 1       |
|   mul_32s_32s_32_2_1_U1 | 3   |        | mul_ln6_3  | mul | auto   | 1       |
|   mul_32s_32s_32_2_1_U2 | 3   |        | mul_ln6_4  | mul | auto   | 1       |
|   mul_32s_32s_32_2_1_U1 | 3   |        | mul_ln6_5  | mul | auto   | 1       |
|   mul_32s_32s_32_2_1_U2 | 3   |        | mul_ln6_6  | mul | auto   | 1       |
|   mul_32s_32s_32_2_1_U1 | 3   |        | mul_ln6_7  | mul | auto   | 1       |
|   mul_32s_32s_32_2_1_U2 | 3   |        | mul_ln6_8  | mul | auto   | 1       |
|   mul_32s_32s_32_2_1_U1 | 3   |        | mul_ln6_9  | mul | auto   | 1       |
|   mul_32s_32s_32_2_1_U2 | 3   |        | mul_ln6_10 | mul | auto   | 1       |
|   mul_32s_32s_32_2_1_U1 | 3   |        | mul_ln6_11 | mul | auto   | 1       |
|   mul_32s_32s_32_2_1_U2 | 3   |        | mul_ln6_12 | mul | auto   | 1       |
|   mul_32s_32s_32_2_1_U1 | 3   |        | mul_ln6_13 | mul | auto   | 1       |
|   mul_32s_32s_32_2_1_U2 | 3   |        | mul_ln6_14 | mul | auto   | 1       |
|   grp_fu_422_p2         | -   |        | add_ln6_1  | add | fabric | 0       |
|   grp_fu_422_p2         | -   |        | add_ln6_4  | add | fabric | 0       |
|   grp_fu_440_p2         | -   |        | add_ln6_7  | add | fabric | 0       |
|   grp_fu_440_p2         | -   |        | add_ln6_8  | add | fabric | 0       |
|   grp_fu_422_p2         | -   |        | add_ln6_11 | add | fabric | 0       |
+-------------------------+-----+--------+------------+-----+--------+---------+


================================================================
== Bind Storage Report
================================================================
  No bind storage info in design

================================================================
== Pragma Report
================================================================
* Valid Pragma Syntax
+--------+---------+---------------------------------------------+
| Type   | Options | Location                                    |
+--------+---------+---------------------------------------------+
| unroll |         | muladd/solution3/directives.tcl:7 in muladd |
+--------+---------+---------------------------------------------+


