#-----------------------------------------------------------
# Vivado v2023.1.1 (64-bit)
# SW Build 3900603 on Fri Jun 16 19:31:24 MDT 2023
# IP Build 3900379 on Sat Jun 17 05:28:05 MDT 2023
# SharedData Build 3899622 on Fri Jun 16 03:34:24 MDT 2023
# Start of session at: Wed Aug  9 18:05:53 2023
# Process ID: 4056
# Current directory: C:/Users/motchy/Documents/GitHub/CompleteWork_of_FPGA_Xilinx_2nd_edition/10-2_hls_muladd/fpga/hls/muladd/vitis_hls_project/muladd/solution4/impl/ip
# Command line: vivado.exe -notrace -mode batch -source run_ippack.tcl
# Log file: C:/Users/motchy/Documents/GitHub/CompleteWork_of_FPGA_Xilinx_2nd_edition/10-2_hls_muladd/fpga/hls/muladd/vitis_hls_project/muladd/solution4/impl/ip/vivado.log
# Journal file: C:/Users/motchy/Documents/GitHub/CompleteWork_of_FPGA_Xilinx_2nd_edition/10-2_hls_muladd/fpga/hls/muladd/vitis_hls_project/muladd/solution4/impl/ip\vivado.jou
# Running On: SurfaceLaptop3, OS: Windows, CPU Frequency: 1498 MHz, CPU Physical cores: 4, Host memory: 8155 MB
#-----------------------------------------------------------
source run_ippack.tcl -notrace
